// Jest Snapshot v1, https://goo.gl/fbAQLP

exports[`Test Calendar Component Should render correctly 1`] = `ShallowWrapper {}`;
