// Jest Snapshot v1, https://goo.gl/fbAQLP

exports[`Test JobListScreen Should render correctly 1`] = `ShallowWrapper {}`;
