// Jest Snapshot v1, https://goo.gl/fbAQLP

exports[`Test JobSection Component Should render correctly 1`] = `ShallowWrapper {}`;
